---
source: crates/monitrs-tui/tests/overlay_snapshots.rs
expression: text
---
|                                                                                                        |
|                                                                                                        |
|                                                                                                        |
|                                                                                                        |
|       + NOTICES ---------------------------------------------------------------- 1 critical ---+       |
|       |X pressure CPU is now critical (held 1s): cpu busy at or above diagnostics.cpu_watch_...|       |
|       |Esc dismiss                                                                             |       |
|       +----------------------------------------------------------------------------------------+       |
|                                                                                                        |
|                                                                                                        |
|                                                                                                        |
|                                                                                                        |
