---
source: crates/monitrs-tui/tests/overlay_snapshots.rs
expression: text_of(&buffer)
---
|                                                                                                        |
|                                                                                                        |
|                                                                                                        |
|                                                                                                        |
|+ FILTER ----------------------------------------------------------------------------------------------+|
||/ does-not-exist                                                                                      ||
||no match of 5 processes                                                                               ||
|+------------------------------------------------------------------------------------------------------+|
