---
source: crates/monitrs-tui/tests/overlay_snapshots.rs
expression: text_of(&buffer)
---
|                                                                                                        |
|                                                                                                        |
|                                                                                                        |
|                                                                                                        |
|                                                                                                        |
|                                                                                                        |
|                                                                                                        |
|                                                                                                        |
|┌ FILTER ──────────────────────────────────────────────────────────────────────────────────────────────┐|
|│/ rustc                                                                                               │|
|│1 of 5 processes match                                                                                │|
|└──────────────────────────────────────────────────────────────────────────────────────────────────────┘|
