---
source: crates/monitrs-tui/tests/view_snapshots.rs
expression: text
---
|+ monitrs  host:dev-mbp  [>LIVE]  1s  up 3d 04:12 ---------------------------------------------------------------------------- 00:00:23Z --+|
|| CPU   79% [############################################################=---------------]  load  4.12 3.84 3.21  8 cpu  8 core  temp 62.5C||
|| MEM   71% [#####################################################=----------------------]  23G/32G  swap 205M/2.0G  bat 82%-              ||
|+ FILESYSTEM CAPACITY ------------------------------------------------------------------------------------- 1 mounted, 1 virtual hidden ---+|
||MOUNT              DEVICE     TYPE      SIZE  USED AVAIL  USE% CAPACITY                                                                   ||
||/                  disk0s1    fakefs    494G  374G  120G   76% [################=-----]                                                   ||
||                                                                                                                                          ||
||                                                                                                                                          ||
||                                                                                                                                          ||
||                                                                                                                                          ||
||                                                                                                                                          ||
||                                                                                                                                          ||
||                                                                                                                                          ||
||                                                                                                                                          ||
||                                                                                                                                          ||
||                                                                                                                                          ||
||                                                                                                                                          ||
||                                                                                                                                          ||
||                                                                                                                                          ||
||                                                                                                                                          ||
||                                                                                                                                          ||
||                                                                                                                                          ||
||                                                                                                                                          ||
||                                                                                                                                          ||
||                                                                                                                                          ||
||                                                                                                                                          ||
||                                                                                                                                          ||
||                                                                                                                                          ||
||                                                                                                                                          ||
||                                                                                                                                          ||
||                                                                                                                                          ||
||                                                                                                                                          ||
||                                                                                                                                          ||
|+ DEVICE THROUGHPUT ---------------------------------------------------------------------------------------------- busy - (unsupported) ---+|
||DEVICE      READ/s WRITE/s   R-IOPS   W-IOPS MODEL            MOUNTS                                                                      ||
||disk0        18M/s   42M/s      320      810 Fake NVMe        /                                                                           ||
|+------------------------------------------------------------------------------------------------------------------------------------------+|
| 1 Overview  2 Processes [3 Storage] 4 Network  5 Inspect                                                                   / filter  ? help|
