---
source: crates/monitrs-tui/tests/view_snapshots.rs
expression: text
---
|                                                    |
|                                                    |
|                                                    |
|                                                    |
|            monitrs needs at least 60x16            |
|              current terminal: 52x12               |
|             resize or press q to quit              |
|                                                    |
|                                                    |
|                                                    |
|                                                    |
|                                                    |
