---
source: crates/monitrs-tui/tests/view_snapshots.rs
expression: "styles_of(&frame(&state, no_color()))"
---
 0: 1xReset/Reset/DIM 8xReset/Reset/BOLD | DIM 91xReset/Reset/DIM
 1: 1xReset/Reset/DIM 1xReset/Reset/NONE 4xReset/Reset/DIM 46xReset/Reset/NONE 48xReset/Reset/DIM
 2: 1xReset/Reset/DIM 1xReset/Reset/NONE 4xReset/Reset/DIM 46xReset/Reset/NONE 48xReset/Reset/DIM
 3: 100xReset/Reset/DIM
 4: 1xReset/Reset/DIM 1xReset/Reset/NONE 5xReset/Reset/DIM 92xReset/Reset/NONE 1xReset/Reset/DIM
 5: 1xReset/Reset/DIM 1xReset/Reset/NONE 5xReset/Reset/DIM 92xReset/Reset/NONE 1xReset/Reset/DIM
 6: 1xReset/Reset/DIM 1xReset/Reset/NONE 5xReset/Reset/DIM 92xReset/Reset/NONE 1xReset/Reset/DIM
 7: 1xReset/Reset/DIM 1xReset/Reset/NONE 5xReset/Reset/DIM 92xReset/Reset/NONE 1xReset/Reset/DIM
 8: 87xReset/Reset/BOLD 9xReset/Reset/BOLD | DIM 4xReset/Reset/BOLD
 9: 1xReset/Reset/BOLD 1xReset/Reset/DIM 1xReset/Reset/NONE 7xReset/Reset/DIM 1xReset/Reset/NONE 8xReset/Reset/DIM 1xReset/Reset/NONE 1xReset/Reset/DIM 1xReset/Reset/NONE 6xReset/Reset/DIM 1xReset/Reset/NONE 5xReset/Reset/DIM 1xReset/Reset/NONE 5xReset/Reset/DIM 1xReset/Reset/NONE 7xReset/Reset/DIM 1xReset/Reset/NONE 7xReset/Reset/DIM 1xReset/Reset/NONE 4xReset/Reset/DIM 1xReset/Reset/NONE 8xReset/Reset/DIM 1xReset/Reset/NONE 28xReset/Reset/DIM 1xReset/Reset/BOLD
10: 1xReset/Reset/BOLD 2xReset/Reset/REVERSED 7xReset/Reset/DIM | REVERSED 10xReset/Reset/REVERSED 1xReset/Reset/DIM | REVERSED 78xReset/Reset/REVERSED 1xReset/Reset/BOLD
11: 1xReset/Reset/BOLD 2xReset/Reset/NONE 7xReset/Reset/DIM 10xReset/Reset/NONE 1xReset/Reset/DIM 78xReset/Reset/NONE 1xReset/Reset/BOLD
12: 1xReset/Reset/BOLD 2xReset/Reset/NONE 7xReset/Reset/DIM 10xReset/Reset/NONE 1xReset/Reset/DIM 78xReset/Reset/NONE 1xReset/Reset/BOLD
13: 1xReset/Reset/BOLD 2xReset/Reset/NONE 7xReset/Reset/DIM 10xReset/Reset/NONE 1xReset/Reset/DIM 78xReset/Reset/NONE 1xReset/Reset/BOLD
14: 1xReset/Reset/BOLD 2xReset/Reset/NONE 7xReset/Reset/DIM 10xReset/Reset/NONE 1xReset/Reset/DIM 78xReset/Reset/NONE 1xReset/Reset/BOLD
15: 1xReset/Reset/BOLD 98xReset/Reset/NONE 1xReset/Reset/BOLD
16: 1xReset/Reset/BOLD 98xReset/Reset/NONE 1xReset/Reset/BOLD
17: 1xReset/Reset/BOLD 98xReset/Reset/NONE 1xReset/Reset/BOLD
18: 1xReset/Reset/BOLD 98xReset/Reset/NONE 1xReset/Reset/BOLD
19: 1xReset/Reset/BOLD 98xReset/Reset/NONE 1xReset/Reset/BOLD
20: 1xReset/Reset/BOLD 98xReset/Reset/NONE 1xReset/Reset/BOLD
21: 1xReset/Reset/BOLD 98xReset/Reset/NONE 1xReset/Reset/BOLD
22: 1xReset/Reset/BOLD 98xReset/Reset/NONE 1xReset/Reset/BOLD
23: 100xReset/Reset/DIM
24: 1xReset/Reset/DIM 20xReset/Reset/NONE 8xReset/Reset/DIM 70xReset/Reset/NONE 1xReset/Reset/DIM
25: 1xReset/Reset/DIM 20xReset/Reset/NONE 8xReset/Reset/DIM 70xReset/Reset/NONE 1xReset/Reset/DIM
26: 100xReset/Reset/DIM
27: 12xReset/Reset/BOLD 46xReset/Reset/DIM 26xReset/Reset/NONE 16xReset/Reset/DIM
