---
source: crates/monitrs-tui/tests/view_snapshots.rs
expression: text
---
|+ monitrs  host:dev-mbp  [>LIVE]  1s  lag 1400ms  up 3d 04:12 ---------------------------------------------------------------- 00:00:23Z --+|
|| CPU   79% [############################################################=---------------]  load  4.12 3.84 3.21  8 cpu  8 core  temp 62.5C||
|| MEM   71% [#####################################################=----------------------]  23G/32G  swap 205M/2.0G  bat 82%-              ||
|+ SYSTEM ------------------------------------------ 22 of 23 lines ---+ DIAGNOSTICS -------------------------------------------------------+|
||  host         dev-mbp                                               |PRESSURE                                                            ||
||  os           fake-os 1.0                                           |? NET     link speed unknown       18M/s                            ||
||  kernel       fake-kernel 1.0                                       |? PSI-CPU warming up             warming                            ||
||  arch         aarch64                                               |? PSI-MEM warming up             warming                            ||
||  uptime       3d 04:12 (booted 00:00:00Z)                           |? PSI-IO  warming up             warming                            ||
||  cpu          8 logical, 8 physical                                 |UNAVAILABLE METRICS                                                 ||
||  cpu model    Fake CPU at 3200 MHz                                  |  - CPU time breakdown      unsupported                             ||
||  memory       32 GiB total, swap 2.0 GiB                            |  - swap activity           unsupported                             ||
||  semantics    cross-platform baseline; c...r-byte comparable with it|  - disk busy               unsupported                             ||
||  cgroup limit n/a                                                   |  - network link speed      unsupported                             ||
||  environment  no container/VM evidence (heuristic, high confidenc...|  - Linux PSI               unsupported                             ||
||COLLECTOR                                                            |  - cgroup limits           unsupported                             ||
||  fast         last 3ms p95 5ms max 11ms ok 24 failed 1              |  - process signals         unsupported                             ||
||  medium       last 14ms p95 22ms max 31ms ok 5 failed 0             |  - renice                  unsupported                             ||
||  slow         not sampled yet                                       |STALE DATA                                                          ||
||  on demand    not sampled yet                                       |  every headline metric is fresh                                    ||
||RENDER                                                               |COLLECTOR ERRORS                                                    ||
||  frames       1, 0 over budget                                      |  ! /proc/diskstats: permission denied (x2, 00:02 ago)              ||
||  duration     last 4ms max 4ms p95 4ms of 16ms budget               |  ! hwmon: no sensors found (x1, 00:30 ago)                         ||
||  frame gap    n/a                                                   |NOTICES                                                             ||
||OWN OVERHEAD                                                         |  none                                                              ||
||  cpu          0.6% of one core, 23 MiB resident                     |SAMPLING                                                            ||
|+ SELECTED PROCESS --------------------------------- 9 of 12 lines ---|  interval     1s                                                   ||
||  identity     31842 (start key 900100)                              |  dropped      2                                                    ||
||  name         rustc                                                 |  coalesced    30                                                   ||
||  executable   /usr/bin/rustc                                        |  lag          1400ms                                               ||
||  command      cargo build --release                                 |  history      24 samples of 300, 190K                              ||
||  state        sleeping                                              |                                                                    ||
||  user         gabor                                                 |                                                                    ||
||  cpu          120%                                                  |                                                                    ||
||  memory       2.6G rss, 16G virt, 8.1% of total                     |                                                                    ||
||  disk         21M/s read, 42M/s write (60G / 120G total)            |                                                                    ||
|+---------------------------------------------------------------------+--------------------------------------------------------------------+|
| 1 Overview  2 Processes  3 CPU  4 Storage  5 Network [6 Inspect] 7 Battery                                                 / filter  ? help|
