---
source: crates/monitrs-tui/tests/widget_snapshots.rs
expression: text
---
|CPU .warming up [........................................................................]|
|MEM .warming up [........................................................................]|
|CPU                                                                                       |
|? CPU     warming   warming                                                               |
|? MEM     warming   warming                                                               |
|      PID USER     S   CPU%  MEM%   RSS  READ/s WRITE/s      AGE NAME                     |
|    31842 gabor    S    n/a  8.1%  2.6G warming warming    01:00 rustc                    |
|     1221 postgres S    n/a  3.0%  982M warming warming    01:00 postgres                 |
