---
source: crates/monitrs-tui/tests/widget_snapshots.rs
expression: text_of(&buffer)
---
|CORES 256/3 -===-===-===-===-===-===-===-===-===-===-===-===-===-===-===-===-===-===-===-===-===-=  |
|CORES 256/4 ================================================================                        |
|CORES 256/10 ==========================                                                             |
|CORES 256/37 =======                                                                                |
|CORES...                                                                                            |
