---
source: crates/monitrs-tui/tests/widget_snapshots.rs
expression: styles_of(&buffer)
---
 0: 1xRgb(124, 132, 148)/Reset/DIM 1xReset/Reset/NONE 7xRgb(124, 132, 148)/Reset/DIM 1xReset/Reset/NONE 8xRgb(124, 132, 148)/Reset/DIM 1xReset/Reset/NONE 1xRgb(124, 132, 148)/Reset/DIM 1xReset/Reset/NONE 6xRgb(124, 132, 148)/Reset/DIM 1xReset/Reset/NONE 5xRgb(124, 132, 148)/Reset/DIM 1xReset/Reset/NONE 5xRgb(124, 132, 148)/Reset/DIM 1xReset/Reset/NONE 7xRgb(124, 132, 148)/Reset/DIM 1xReset/Reset/NONE 7xRgb(124, 132, 148)/Reset/DIM 1xReset/Reset/NONE 24xRgb(124, 132, 148)/Reset/DIM
 1: 2xRgb(214, 218, 227)/Rgb(38, 50, 80)/NONE 7xRgb(124, 132, 148)/Rgb(38, 50, 80)/DIM 10xRgb(214, 218, 227)/Rgb(38, 50, 80)/NONE 1xRgb(124, 132, 148)/Rgb(38, 50, 80)/DIM 20xRgb(214, 218, 227)/Rgb(38, 50, 80)/NONE 7xRgb(224, 175, 104)/Rgb(38, 50, 80)/BOLD 1xRgb(214, 218, 227)/Rgb(38, 50, 80)/NONE 7xRgb(224, 175, 104)/Rgb(38, 50, 80)/BOLD 25xRgb(214, 218, 227)/Rgb(38, 50, 80)/NONE
 2: 1xRgb(214, 218, 227)/Reset/NONE 1xReset/Reset/NONE 7xRgb(124, 132, 148)/Reset/DIM 1xReset/Reset/NONE 8xRgb(214, 218, 227)/Reset/NONE 1xReset/Reset/NONE 1xRgb(124, 132, 148)/Reset/DIM 1xReset/Reset/NONE 6xRgb(214, 218, 227)/Reset/NONE 1xReset/Reset/NONE 5xRgb(214, 218, 227)/Reset/NONE 1xReset/Reset/NONE 5xRgb(214, 218, 227)/Reset/NONE 1xReset/Reset/NONE 7xRgb(224, 175, 104)/Reset/BOLD 1xReset/Reset/NONE 7xRgb(224, 175, 104)/Reset/BOLD 1xReset/Reset/NONE 24xRgb(214, 218, 227)/Reset/NONE
 3: 1xRgb(214, 218, 227)/Reset/NONE 1xReset/Reset/NONE 7xRgb(124, 132, 148)/Reset/DIM 1xReset/Reset/NONE 8xRgb(214, 218, 227)/Reset/NONE 1xReset/Reset/NONE 1xRgb(124, 132, 148)/Reset/DIM 1xReset/Reset/NONE 6xRgb(214, 218, 227)/Reset/NONE 1xReset/Reset/NONE 5xRgb(214, 218, 227)/Reset/NONE 1xReset/Reset/NONE 5xRgb(214, 218, 227)/Reset/NONE 1xReset/Reset/NONE 7xRgb(224, 175, 104)/Reset/BOLD 1xReset/Reset/NONE 7xRgb(224, 175, 104)/Reset/BOLD 1xReset/Reset/NONE 24xRgb(214, 218, 227)/Reset/NONE
