---
source: crates/monitrs-tui/tests/widget_snapshots.rs
expression: text_of(&buffer)
---
|      PID USER     S   CPU%  MEM%   RSS NAME                  |
|     4242 gabor    S    42%  1.6%  512M 日本語のプロセス名    |
|     4243 gabor    S   7.5%  0.2%   64M ascii-sibling         |
|                                                              |
